// Jest Snapshot v1, https://goo.gl/fbAQLP

exports[`AppTitle.vue renders props.msg when passed 1`] = `
VueWrapper {
  "_emitted": Object {},
  "_emittedByOrder": Array [],
  "isFunctionalComponent": undefined,
}
`;
